// Jest Snapshot v1, https://goo.gl/fbAQLP

exports[`Elevations Chart Test Checking the snapshot 1`] = `
<SizeMe(WithStyles(GridWrapper))
  item={true}
  style={
    Object {
      "maxHeight": "200px",
      "minWidth": "500px",
    }
  }
  xs={12}
>
  <AreaChart
    data={
      Array [
        Array [
          "2019-07-07T10:34:00Z",
          123,
        ],
        Array [
          "2019-07-07T10:34:10Z",
          130,
        ],
        Array [
          "2019-07-07T10:34:20Z",
          132,
        ],
        Array [
          "2019-07-07T10:34:30Z",
          114,
        ],
        Array [
          "2019-07-07T10:34:40Z",
          124,
        ],
      ]
    }
    height={200}
    laps={
      Array [
        Object {
          "color": "#032",
          "index": 0,
          "label": "Lap0",
          "tracks": Array [
            Array [
              "2019-07-07T10:34:00Z",
              123,
            ],
            Array [
              "2019-07-07T10:34:10Z",
              130,
            ],
          ],
        },
        Object {
          "color": "#012",
          "index": 1,
          "label": "Lap1",
          "tracks": Array [
            Array [
              "2019-07-07T10:34:20Z",
              132,
            ],
            Array [
              "2019-07-07T10:34:30Z",
              114,
            ],
            Array [
              "2019-07-07T10:34:40Z",
              124,
            ],
          ],
        },
        Object {
          "color": "#002",
          "index": 2,
          "label": "Lap2",
          "tracks": Array [
            Array [
              "2019-07-07T10:34:40Z",
              124,
            ],
          ],
        },
      ]
    }
    legend="m"
    padding={40}
    ticks={5}
    width={1400}
  />
</SizeMe(WithStyles(GridWrapper))>
`;
