// Jest Snapshot v1, https://goo.gl/fbAQLP

exports[`Elevations Chart Test Checking the elevation chart snapshot 1`] = `
<SizeMe(WithStyles(Grid))
  item={true}
  style={
    Object {
      "maxHeight": "200px",
      "minWidth": "500px",
    }
  }
  xs={12}
>
  <AreaChart
    data={
      Array [
        Array [
          1545403087000,
          556.4249877929688,
        ],
        Array [
          1545403097000,
          556.6911010742188,
        ],
        Array [
          1545403107000,
          553.3866577148438,
        ],
        Array [
          1545403117000,
          551.2217407226562,
        ],
        Array [
          1545403127000,
          542.0283203125,
        ],
      ]
    }
    height={200}
    laps={
      Array [
        Object {
          "color": "#ffcc80",
          "index": 1,
          "label": "Lap0",
          "tracks": Array [
            Array [
              1545403087000,
              556.4249877929688,
            ],
            Array [
              1545403097000,
              556.6911010742188,
            ],
          ],
        },
        Object {
          "color": "#ffbb97",
          "index": 2,
          "label": "Lap1",
          "tracks": Array [
            Array [
              1545403107000,
              553.3866577148438,
            ],
            Array [
              1545403117000,
              551.2217407226562,
            ],
          ],
        },
        Object {
          "color": "#aaff14",
          "index": 3,
          "label": "Lap2",
          "tracks": Array [
            Array [
              1545403127000,
              542.0283203125,
            ],
          ],
        },
      ]
    }
    legend="m"
    padding={40}
    ticks={5}
    width={1400}
  />
</SizeMe(WithStyles(Grid))>
`;
