// Jest Snapshot v1, https://goo.gl/fbAQLP

exports[`Heart Rate Chart Test Checking the heart rate snapshot 1`] = `
<SizeMe(WithStyles(Grid))
  item={true}
  style={
    Object {
      "maxHeight": "200px",
      "minWidth": "500px",
    }
  }
  xs={12}
>
  <BarChart
    data={
      Array [
        Array [
          1545403087000,
          90,
        ],
        Array [
          1545403097000,
          98,
        ],
        Array [
          1545403107000,
          110,
        ],
        Array [
          1545403117000,
          120,
        ],
        Array [
          1545403127000,
          135,
        ],
      ]
    }
    dataLine={
      Array [
        Array [
          1545403092000,
          94,
        ],
        Array [
          1545403112000,
          115,
        ],
        Array [
          1545403127000,
          135,
        ],
      ]
    }
    height={200}
    laps={
      Array [
        Object {
          "color": "#cccc80",
          "index": 1,
          "label": "Lap 1",
          "tracks": Array [
            Array [
              1545403087000,
              90,
            ],
            Array [
              1545403097000,
              98,
            ],
          ],
        },
        Object {
          "color": "#00aa80",
          "index": 2,
          "label": "Lap 2",
          "tracks": Array [
            Array [
              1545403107000,
              110,
            ],
            Array [
              1545403117000,
              120,
            ],
          ],
        },
        Object {
          "color": "#caac80",
          "index": 3,
          "label": "Lap 3",
          "tracks": Array [
            Array [
              1545403127000,
              135,
            ],
          ],
        },
      ]
    }
    legend="bpm"
    padding={40}
    ticks={5}
    width={1400}
  />
</SizeMe(WithStyles(Grid))>
`;
