// Jest Snapshot v1, https://goo.gl/fbAQLP

exports[`Heart Rate Chart Test Checking the heart rate snapshot 1`] = `
<SizeMe(WithStyles(Grid))
  item={true}
  style={
    Object {
      "maxHeight": "200px",
      "minWidth": "500px",
    }
  }
  xs={12}
>
  <BarChart
    data={
      Array [
        Array [
          "2019-07-07T10:34:00Z",
          90,
        ],
        Array [
          "2019-07-07T10:34:10Z",
          98,
        ],
        Array [
          "2019-07-07T10:34:20Z",
          110,
        ],
        Array [
          "2019-07-07T10:34:30Z",
          120,
        ],
        Array [
          "2019-07-07T10:34:40Z",
          135,
        ],
      ]
    }
    dataLine={
      Array [
        Array [
          "2019-07-07T10:34:05Z",
          94,
        ],
        Array [
          "2019-07-07T10:34:25Z",
          115,
        ],
        Array [
          "2019-07-07T10:34:40Z",
          135,
        ],
      ]
    }
    height={200}
    laps={
      Array [
        Object {
          "color": "#032",
          "index": 0,
          "label": "Lap0",
          "tracks": Array [
            Array [
              "2019-07-07T10:34:00Z",
              90,
            ],
            Array [
              "2019-07-07T10:34:10Z",
              98,
            ],
          ],
        },
        Object {
          "color": "#012",
          "index": 1,
          "label": "Lap1",
          "tracks": Array [
            Array [
              "2019-07-07T10:34:20Z",
              110,
            ],
            Array [
              "2019-07-07T10:34:30Z",
              120,
            ],
          ],
        },
        Object {
          "color": "#002",
          "index": 2,
          "label": "Lap2",
          "tracks": Array [
            Array [
              "2019-07-07T10:34:40Z",
              135,
            ],
          ],
        },
      ]
    }
    legend="bpm"
    padding={40}
    ticks={5}
    width={1400}
  />
</SizeMe(WithStyles(Grid))>
`;
