// Jest Snapshot v1, https://goo.gl/fbAQLP

exports[`Elevations Chart Test Checking the speed chart snapshot 1`] = `
<SizeMe(WithStyles(Grid))
  item={true}
  style={
    Object {
      "maxHeight": "200px",
      "minWidth": "500px",
    }
  }
  xs={12}
>
  <LineChart
    data={
      Array [
        Array [
          1545403087000,
          1.271920433274412,
        ],
        Array [
          1545403097000,
          4.727421976808574,
        ],
        Array [
          1545403107000,
          1.7839530051752528,
        ],
        Array [
          1545403117000,
          4.533650591446289,
        ],
        Array [
          1545403127000,
          2.179150563690673,
        ],
      ]
    }
    dataLine={
      Array [
        Array [
          1545403092000,
          2.9996712051,
        ],
        Array [
          1545403112000,
          3.1588017983,
        ],
        Array [
          1545403127000,
          2.179150563690673,
        ],
      ]
    }
    height={200}
    laps={
      Array [
        Object {
          "color": "#cccc80",
          "index": 1,
          "label": "Lap 1",
          "tracks": Array [
            Array [
              1545403087000,
              1.271920433274412,
            ],
            Array [
              1545403097000,
              4.727421976808574,
            ],
          ],
        },
        Object {
          "color": "#00aa80",
          "index": 2,
          "label": "Lap 2",
          "tracks": Array [
            Array [
              1545403107000,
              1.7839530051752528,
            ],
            Array [
              1545403117000,
              4.533650591446289,
            ],
          ],
        },
        Object {
          "color": "#caac80",
          "index": 3,
          "label": "Lap 3",
          "tracks": Array [
            Array [
              1545403127000,
              2.179150563690673,
            ],
          ],
        },
      ]
    }
    legend="m/s"
    padding={40}
    ticks={5}
    width={1400}
  />
</SizeMe(WithStyles(Grid))>
`;
